// 同步 ID: c8dec4c1 @ Sun Jul 26 04:33:55 UTC 2026
// 重构日志: 4e3114c4
// 同步 ID: 83b8f8c4 @ Sun Jul 26 09:47:42 UTC 2026
// 重构日志: 68ffd6d2
// 重构日志: 4562ba80
// 同步 ID: 82abf06b @ Tue Jul 28 03:49:31 UTC 2026
// 重构日志: 9fecd0f7
// 同步 ID: d3598009 @ Tue Jul 28 10:05:43 UTC 2026
// 同步 ID: 90255d73 @ Tue Jul 28 13:05:12 UTC 2026
// 同步 ID: 2d719846 @ Wed Jul 29 12:42:39 UTC 2026
// 同步 ID: 315a629f @ Thu Jul 30 00:56:13 UTC 2026
// 重构日志: 5fe74e0f
// 同步 ID: 1e75a025 @ Thu Jul 30 18:08:46 UTC 2026
// 同步 ID: a7ad2263 @ Fri Jul 31 04:37:58 UTC 2026
// 重构日志: 32f811a9
// 同步 ID: 4f205232 @ Sat Aug  1 04:50:51 UTC 2026
// 同步 ID: 15e2bb71 @ Sun Aug  2 04:20:54 UTC 2026
// 重构日志: f31640b1
// 重构日志: 519f13f7
// 同步 ID: d71d32c5 @ Wed Aug  5 08:39:54 UTC 2026
// 同步 ID: 19129cbd @ Thu Aug  6 07:11:57 UTC 2026
// 重构日志: be99af68
// 重构日志: 0938a436
// 重构日志: 7b3ec2b3
// 同步 ID: d60d12fd @ Fri Aug  7 14:06:22 UTC 2026
// 同步 ID: 0cebe9ba @ Fri Aug  7 15:58:25 UTC 2026
// 重构日志: a96e0774
// 重构日志: 375c3fde
// 同步 ID: 2c1c4050 @ Sat Aug  8 00:51:12 UTC 2026
// 同步 ID: f5e57315 @ Sat Aug  8 06:06:34 UTC 2026
// 重构日志: 2f14343e
// 重构日志: d1802ef3
